{
    "Should run without failures": {
        "content": [
            {
                "0": [
                    [
                        "23KF00457-lymf",
                        "23KF00457-lymfp.coyote:md5,7c5750716eb80457bc31f2cd476b95ed"
                    ]
                ],
                "coyotedone": [
                    [
                        "23KF00457-lymf",
                        "23KF00457-lymfp.coyote:md5,7c5750716eb80457bc31f2cd476b95ed"
                    ]
                ]
            }
        ],
        "timestamp": "2023-12-28T17:51:40.735925"
    }
}