{
    "Should run without failures": {
        "content": [
            {
                "0": [
                    
                ],
                "1": [
                    
                ],
                "biomarkers": [
                    
                ],
                "versions": [
                    
                ]
            }
        ],
        "timestamp": "2023-12-28T16:42:18.90406"
    }
}