{
    "Should run without failures": {
        "content": [
            {
                "0": [
                    
                ],
                "1": [
                    
                ],
                "fusions": [
                    
                ],
                "versions": [
                    
                ]
            }
        ],
        "timestamp": "2023-12-28T15:36:37.027983"
    }
}